// Jest Snapshot v1, https://goo.gl/fbAQLP

exports[`ClientForm should be rendered correctly with client data given 1`] = `
<form
  onSubmit={[Function]}
>
  <div
    className="form-group"
  >
    <div>
      <label
        className="control-label"
        htmlFor={undefined}
      >
        Name
      </label>
      <input
        className="form-control"
        defaultValue="Clementine Bauch"
        id="name"
        placeholder="Name"
        type="text"
      />
    </div>
    <div>
      <label
        className="control-label"
        htmlFor={undefined}
      >
        Phone
      </label>
      <input
        className="form-control"
        defaultValue="1-463-123-4447"
        id="phone"
        placeholder="Phone"
        type="text"
      />
    </div>
    <div>
      <label
        className="control-label"
        htmlFor={undefined}
      >
        Username
      </label>
      <input
        className="form-control"
        defaultValue="Samantha"
        id="username"
        placeholder="Username"
        type="text"
      />
    </div>
    <div>
      <label
        className="control-label"
        htmlFor={undefined}
      >
        Email
      </label>
      <input
        className="form-control"
        defaultValue="Nathan@yesenia.net"
        id="email"
        placeholder="Email"
        type="text"
      />
    </div>
    <div>
      <label
        className="control-label"
        htmlFor={undefined}
      >
        Website
      </label>
      <input
        className="form-control"
        defaultValue="ramiro.info"
        id="website"
        placeholder="Website"
        type="text"
      />
    </div>
    <div>
      <div>
        <label
          className="control-label"
          htmlFor={undefined}
        >
          BS
        </label>
        <input
          className="form-control"
          defaultValue="e-enable strategic applications"
          id="bs"
          placeholder="BS"
          type="text"
        />
      </div>
      <div>
        <label
          className="control-label"
          htmlFor={undefined}
        >
          Catch Phrase
        </label>
        <input
          className="form-control"
          defaultValue="Face to face bifurcated interface"
          id="catchPhrase"
          placeholder="Catch Phrase"
          type="text"
        />
      </div>
      <div>
        <label
          className="control-label"
          htmlFor={undefined}
        >
          Company Name
        </label>
        <input
          className="form-control"
          defaultValue="Romaguera-Jacobson"
          id="name"
          placeholder="Company Name"
          type="text"
        />
      </div>
    </div>
    <div>
      <h3>
        Address
      </h3>
      <div>
        <label
          className="control-label"
          htmlFor={undefined}
        >
          City
        </label>
        <input
          className="form-control"
          defaultValue="McKenziehaven"
          id="city"
          placeholder="City"
          type="text"
        />
      </div>
      <div>
        <label
          className="control-label"
          htmlFor={undefined}
        >
          Street
        </label>
        <input
          className="form-control"
          defaultValue="Douglas Extension"
          id="street"
          placeholder="Street"
          type="text"
        />
      </div>
      <div>
        <label
          className="control-label"
          htmlFor={undefined}
        >
          Suite
        </label>
        <input
          className="form-control"
          defaultValue="Suite 847"
          id="suite"
          placeholder="Suite"
          type="text"
        />
      </div>
      <div>
        <label
          className="control-label"
          htmlFor={undefined}
        >
          Zipcode
        </label>
        <input
          className="form-control"
          defaultValue="59590-4157"
          id="zipcode"
          placeholder="Zipcode"
          type="text"
        />
      </div>
    </div>
    <button
      className="btn btn-success"
      disabled={false}
      type="submit"
    >
      Save ðŸ’¾
    </button>
  </div>
</form>
`;

exports[`ClientsListContainer should print a list of clients 1`] = `
<div>
  <div
    className="static-modal"
  />
  <div
    className="main-buttons btn-toolbar"
    role="toolbar"
  >
    <button
      className="btn btn-success"
      disabled={false}
      onClick={[Function]}
      type="button"
    >
      Add client âž•
    </button>
  </div>
  <div
    className="row"
  >
    <div
      className="col-xs-10"
    >
      <button
        className="client-list-element list-group-item"
        onClick={[Function]}
        type="button"
      >
        <p>
          ðŸ‘¤ 
          Leanne Graham
        </p>
      </button>
    </div>
    <div
      className="col-xs-2 list-button"
    >
      <div
        className="btn-group"
      >
        <button
          className="btn btn-default"
          disabled={false}
          onClick={[Function]}
          type="button"
        >
          ðŸ”ª
        </button>
      </div>
    </div>
  </div>
  <div
    className="row"
  >
    <div
      className="col-xs-10"
    >
      <button
        className="client-list-element list-group-item"
        onClick={[Function]}
        type="button"
      >
        <p>
          ðŸ‘¤ 
          Ervin Howell
        </p>
      </button>
    </div>
    <div
      className="col-xs-2 list-button"
    >
      <div
        className="btn-group"
      >
        <button
          className="btn btn-default"
          disabled={false}
          onClick={[Function]}
          type="button"
        >
          ðŸ”ª
        </button>
      </div>
    </div>
  </div>
</div>
`;
